// Jest Snapshot v1, https://goo.gl/fbAQLP

exports[`Home and Quote components render correctly Home component should match the snapshot 1`] = `
<div
  className="home"
>
  <h2
    className="home-h2"
  >
    Welcome to our page!
  </h2>
  <div
    className="home-content"
  >
    <p
      className="home-para"
    >
      Lorem ipsum dolor sit amet consectetur adipisicing elit. Magni fugiat veniam iure explicabo! Magni iusto fugit, quo illo vero eaque. Recusandae laboriosam deleniti provident sit qui quasi tenetur iure quam rerum maxime ipsum suscipit eligendi quae incidunt sint doloribus harum, illum error iusto natus ipsam! Ad corrupti dolore delectus praesentium.
    </p>
    <p
      className="home-para"
    >
      Lorem ipsum dolor sit amet consectetur adipisicing elit. Tenetur omnis odit vero iure reiciendis voluptas molestias numquam sequi? Deserunt voluptas accusantium labore laudantium consequuntur natus repudiandae sit quas quam aliquid fugiat commodi itaque, possimus deleniti eum modi delectus eligendi at quaerat ea cum ullam. Impedit iusto totam dolore pariatur harum doloribus corporis amet minima recusandae odit illo ipsum cum ratione atque, aliquid odio nesciunt consequuntur facere quos? Ea obcaecati neque placeat laborum aperiam, accusamus sunt excepturi veniam, adipisci qui distinctio.
    </p>
  </div>
</div>
`;

exports[`Home and Quote components render correctly Quote component should match the snapshot 1`] = `
<div
  className="random-q"
>
  <p
    className="quote"
  >
    Mathematics is not about numbers, equations, computations, or algorithms: it is about understanding. - William Paul Thurston
  </p>
</div>
`;

exports[`Test links in Header component Header links render correctly 1`] = `null`;
